// Jest Snapshot v1, https://goo.gl/fbAQLP

exports[`renders ./components/empty/demo/basic.md correctly 1`] = `null`;

exports[`renders ./components/empty/demo/config-provider.md correctly 1`] = `
<div>
  <div
    class="config-provider"
  >
    <h4>
      Select
    </h4>
    <h4>
      TreeSelect
    </h4>
    <h4>
      Cascader
    </h4>
    <h4>
      Transfer
    </h4>
    <h4>
      Table
    </h4>
    <h4>
      List
    </h4>
  </div>
</div>
`;

exports[`renders ./components/empty/demo/customize.md correctly 1`] = `null`;

exports[`renders ./components/empty/demo/description.md correctly 1`] = `null`;

exports[`renders ./components/empty/demo/simple.md correctly 1`] = `null`;
